Component: ARM Compiler 6.14.1 Tool: armlink [5db06d00]

==============================================================================

Section Cross References

    rcc_program.o(.ARM.exidx.text.vRCC_Init) refers to rcc_program.o(.text.vRCC_Init) for [Anonymous Symbol]
    rcc_program.o(.ARM.exidx.text.vRCC_Enable) refers to rcc_program.o(.text.vRCC_Enable) for [Anonymous Symbol]
    gpio_program.o(.ARM.exidx.text.vGPIO_PIN_Mode) refers to gpio_program.o(.text.vGPIO_PIN_Mode) for [Anonymous Symbol]
    gpio_program.o(.ARM.exidx.text.vGPIO_OUTPUT_PIN_TYPE) refers to gpio_program.o(.text.vGPIO_OUTPUT_PIN_TYPE) for [Anonymous Symbol]
    gpio_program.o(.ARM.exidx.text.vGPIO_OUTPUT_PIN_SPEED) refers to gpio_program.o(.text.vGPIO_OUTPUT_PIN_SPEED) for [Anonymous Symbol]
    gpio_program.o(.ARM.exidx.text.vGPIO_PULL_UP_DOWN) refers to gpio_program.o(.text.vGPIO_PULL_UP_DOWN) for [Anonymous Symbol]
    gpio_program.o(.ARM.exidx.text.u8GPIO_READ_PIN) refers to gpio_program.o(.text.u8GPIO_READ_PIN) for [Anonymous Symbol]
    gpio_program.o(.ARM.exidx.text.vGPIO_Write_PIN) refers to gpio_program.o(.text.vGPIO_Write_PIN) for [Anonymous Symbol]
    gpio_program.o(.ARM.exidx.text.vGPIO_PIN_LCK) refers to gpio_program.o(.text.vGPIO_PIN_LCK) for [Anonymous Symbol]
    gpio_program.o(.ARM.exidx.text.vGPIO_SetAlternate) refers to gpio_program.o(.text.vGPIO_SetAlternate) for [Anonymous Symbol]
    nvic_program.o(.ARM.exidx.text.vNVIC_SET_ENABLE) refers to nvic_program.o(.text.vNVIC_SET_ENABLE) for [Anonymous Symbol]
    nvic_program.o(.ARM.exidx.text.vNVIC_Clear_ENABLE) refers to nvic_program.o(.text.vNVIC_Clear_ENABLE) for [Anonymous Symbol]
    nvic_program.o(.ARM.exidx.text.vNVIC_SET_PendingFlag) refers to nvic_program.o(.text.vNVIC_SET_PendingFlag) for [Anonymous Symbol]
    nvic_program.o(.ARM.exidx.text.vNVIC_Clear_PendingFlag) refers to nvic_program.o(.text.vNVIC_Clear_PendingFlag) for [Anonymous Symbol]
    nvic_program.o(.ARM.exidx.text.u8NVIC_Read_ActiveFlag) refers to nvic_program.o(.text.u8NVIC_Read_ActiveFlag) for [Anonymous Symbol]
    nvic_program.o(.ARM.exidx.text.vNVIC_Set_Priority) refers to nvic_program.o(.text.vNVIC_Set_Priority) for [Anonymous Symbol]
    exti_program.o(.ARM.exidx.text.vEXTI_Enable) refers to exti_program.o(.text.vEXTI_Enable) for [Anonymous Symbol]
    exti_program.o(.ARM.exidx.text.vEXTI_Disable) refers to exti_program.o(.text.vEXTI_Disable) for [Anonymous Symbol]
    exti_program.o(.ARM.exidx.text.vEXTI_Event_Type) refers to exti_program.o(.text.vEXTI_Event_Type) for [Anonymous Symbol]
    exti_program.o(.ARM.exidx.text.vEXTI_SWIER_Trigger) refers to exti_program.o(.text.vEXTI_SWIER_Trigger) for [Anonymous Symbol]
    exti_program.o(.ARM.exidx.text.vEXTI_CLEAR_PENDING) refers to exti_program.o(.text.vEXTI_CLEAR_PENDING) for [Anonymous Symbol]
    exti_program.o(.ARM.exidx.text.vEXTI_SET_PIN_PORT) refers to exti_program.o(.text.vEXTI_SET_PIN_PORT) for [Anonymous Symbol]
    exti_program.o(.ARM.exidx.text.vEXTI_Call_Back_Function) refers to exti_program.o(.text.vEXTI_Call_Back_Function) for [Anonymous Symbol]
    systick_program.o(.ARM.exidx.text.SYS_voidTickInit) refers to systick_program.o(.text.SYS_voidTickInit) for [Anonymous Symbol]
    systick_program.o(.ARM.exidx.text.SYS_voidTick_Wait) refers to systick_program.o(.text.SYS_voidTick_Wait) for [Anonymous Symbol]
    systick_program.o(.text.SYS_voidTick_IntervalSignle) refers to systick_program.o(.bss.CallBack_ptr) for CallBack_ptr
    systick_program.o(.ARM.exidx.text.SYS_voidTick_IntervalSignle) refers to systick_program.o(.text.SYS_voidTick_IntervalSignle) for [Anonymous Symbol]
    systick_program.o(.text.SYS_voidTick_IntervalPeriodic) refers to systick_program.o(.bss.CallBack_ptr) for CallBack_ptr
    systick_program.o(.ARM.exidx.text.SYS_voidTick_IntervalPeriodic) refers to systick_program.o(.text.SYS_voidTick_IntervalPeriodic) for [Anonymous Symbol]
    systick_program.o(.ARM.exidx.text.SYS_voidTick_IntervalStop) refers to systick_program.o(.text.SYS_voidTick_IntervalStop) for [Anonymous Symbol]
    systick_program.o(.ARM.exidx.text.SYS_u32Tick_GetElaspedTime) refers to systick_program.o(.text.SYS_u32Tick_GetElaspedTime) for [Anonymous Symbol]
    systick_program.o(.ARM.exidx.text.SYS_u32Tick_GetRemaindingTime) refers to systick_program.o(.text.SYS_u32Tick_GetRemaindingTime) for [Anonymous Symbol]
    dma_program.o(.ARM.exidx.text.DMA_Init) refers to dma_program.o(.text.DMA_Init) for [Anonymous Symbol]
    dma_program.o(.ARM.exidx.text.DMA_Transfer) refers to dma_program.o(.text.DMA_Transfer) for [Anonymous Symbol]
    dma_program.o(.ARM.exidx.text.DMA_Enable) refers to dma_program.o(.text.DMA_Enable) for [Anonymous Symbol]
    dma_program.o(.ARM.exidx.text.DMA1_Call_Back) refers to dma_program.o(.text.DMA1_Call_Back) for [Anonymous Symbol]
    dotmatrix_program.o(.text.DOTMATRIX_Init) refers to gpio_program.o(.text.vGPIO_PIN_Mode) for vGPIO_PIN_Mode
    dotmatrix_program.o(.text.DOTMATRIX_Init) refers to gpio_program.o(.text.vGPIO_OUTPUT_PIN_TYPE) for vGPIO_OUTPUT_PIN_TYPE
    dotmatrix_program.o(.text.DOTMATRIX_Init) refers to gpio_program.o(.text.vGPIO_OUTPUT_PIN_SPEED) for vGPIO_OUTPUT_PIN_SPEED
    dotmatrix_program.o(.ARM.exidx.text.DOTMATRIX_Init) refers to dotmatrix_program.o(.text.DOTMATRIX_Init) for [Anonymous Symbol]
    dotmatrix_program.o(.text.DOTMATRIX_Display) refers to dotmatrix_program.o(.bss.DATA_DISPLAY) for DATA_DISPLAY
    dotmatrix_program.o(.text.DOTMATRIX_Display) refers to dotmatrix_program.o(.bss.INDEX_OF_DATA_DISPLAY) for INDEX_OF_DATA_DISPLAY
    dotmatrix_program.o(.text.DOTMATRIX_Display) refers to dotmatrix_program.o(.text.Active_column) for Active_column
    dotmatrix_program.o(.text.DOTMATRIX_Display) refers to dotmatrix_program.o(.text.DOTMATRIX_SetRaw_value) for DOTMATRIX_SetRaw_value
    dotmatrix_program.o(.text.DOTMATRIX_Display) refers to dotmatrix_program.o(.text.DOTMATRIX_Next_column) for DOTMATRIX_Next_column
    dotmatrix_program.o(.text.DOTMATRIX_Display) refers to systick_program.o(.text.SYS_voidTick_IntervalPeriodic) for SYS_voidTick_IntervalPeriodic
    dotmatrix_program.o(.ARM.exidx.text.DOTMATRIX_Display) refers to dotmatrix_program.o(.text.DOTMATRIX_Display) for [Anonymous Symbol]
    dotmatrix_program.o(.text.Active_column) refers to gpio_program.o(.text.vGPIO_Write_PIN) for vGPIO_Write_PIN
    dotmatrix_program.o(.ARM.exidx.text.Active_column) refers to dotmatrix_program.o(.text.Active_column) for [Anonymous Symbol]
    dotmatrix_program.o(.text.DOTMATRIX_SetRaw_value) refers to gpio_program.o(.text.vGPIO_Write_PIN) for vGPIO_Write_PIN
    dotmatrix_program.o(.ARM.exidx.text.DOTMATRIX_SetRaw_value) refers to dotmatrix_program.o(.text.DOTMATRIX_SetRaw_value) for [Anonymous Symbol]
    dotmatrix_program.o(.text.DOTMATRIX_Next_column) refers to dotmatrix_program.o(.bss.INDEX_OF_DATA_DISPLAY) for INDEX_OF_DATA_DISPLAY
    dotmatrix_program.o(.text.DOTMATRIX_Next_column) refers to dotmatrix_program.o(.text.Active_column) for Active_column
    dotmatrix_program.o(.text.DOTMATRIX_Next_column) refers to dotmatrix_program.o(.bss.DATA_DISPLAY) for DATA_DISPLAY
    dotmatrix_program.o(.text.DOTMATRIX_Next_column) refers to dotmatrix_program.o(.text.DOTMATRIX_SetRaw_value) for DOTMATRIX_SetRaw_value
    dotmatrix_program.o(.ARM.exidx.text.DOTMATRIX_Next_column) refers to dotmatrix_program.o(.text.DOTMATRIX_Next_column) for [Anonymous Symbol]
    main.o(.text.main) refers to rcc_program.o(.text.vRCC_Init) for vRCC_Init
    main.o(.text.main) refers to rcc_program.o(.text.vRCC_Enable) for vRCC_Enable
    main.o(.text.main) refers to systick_program.o(.text.SYS_voidTickInit) for SYS_voidTickInit
    main.o(.text.main) refers to dotmatrix_program.o(.text.DOTMATRIX_Init) for DOTMATRIX_Init
    main.o(.text.main) refers to dotmatrix_program.o(.text.DOTMATRIX_Display) for DOTMATRIX_Display
    main.o(.ARM.exidx.text.main) refers to main.o(.text.main) for [Anonymous Symbol]
    startup_stm32f429xx.o(STACK) refers (Special) to heapauxi.o(.text) for __use_two_region_memory
    startup_stm32f429xx.o(HEAP) refers (Special) to heapauxi.o(.text) for __use_two_region_memory
    startup_stm32f429xx.o(RESET) refers (Special) to heapauxi.o(.text) for __use_two_region_memory
    startup_stm32f429xx.o(RESET) refers to startup_stm32f429xx.o(STACK) for __initial_sp
    startup_stm32f429xx.o(RESET) refers to startup_stm32f429xx.o(.text) for Reset_Handler
    startup_stm32f429xx.o(.text) refers (Special) to heapauxi.o(.text) for __use_two_region_memory
    startup_stm32f429xx.o(.text) refers to system_stm32f4xx.o(.text.SystemInit) for SystemInit
    startup_stm32f429xx.o(.text) refers to __main.o(!!!main) for __main
    startup_stm32f429xx.o(.text) refers to startup_stm32f429xx.o(HEAP) for Heap_Mem
    startup_stm32f429xx.o(.text) refers to startup_stm32f429xx.o(STACK) for Stack_Mem
    system_stm32f4xx.o(.ARM.exidx.text.SystemInit) refers to system_stm32f4xx.o(.text.SystemInit) for [Anonymous Symbol]
    system_stm32f4xx.o(.text.SystemCoreClockUpdate) refers to system_stm32f4xx.o(.data.SystemCoreClock) for SystemCoreClock
    system_stm32f4xx.o(.text.SystemCoreClockUpdate) refers to system_stm32f4xx.o(.rodata.AHBPrescTable) for AHBPrescTable
    system_stm32f4xx.o(.ARM.exidx.text.SystemCoreClockUpdate) refers to system_stm32f4xx.o(.text.SystemCoreClockUpdate) for [Anonymous Symbol]
    __main.o(!!!main) refers to __rtentry.o(.ARM.Collect$$rtentry$$00000000) for __rt_entry
    __rtentry.o(.ARM.Collect$$rtentry$$00000000) refers (Special) to __rtentry2.o(.ARM.Collect$$rtentry$$0000000A) for __rt_entry_li
    __rtentry.o(.ARM.Collect$$rtentry$$00000000) refers (Special) to __rtentry2.o(.ARM.Collect$$rtentry$$0000000D) for __rt_entry_main
    __rtentry.o(.ARM.Collect$$rtentry$$00000000) refers (Special) to __rtentry2.o(.ARM.Collect$$rtentry$$0000000C) for __rt_entry_postli_1
    __rtentry.o(.ARM.Collect$$rtentry$$00000000) refers (Special) to __rtentry2.o(.ARM.Collect$$rtentry$$00000009) for __rt_entry_postsh_1
    __rtentry.o(.ARM.Collect$$rtentry$$00000000) refers (Special) to __rtentry2.o(.ARM.Collect$$rtentry$$00000002) for __rt_entry_presh_1
    __rtentry.o(.ARM.Collect$$rtentry$$00000000) refers (Special) to __rtentry4.o(.ARM.Collect$$rtentry$$00000004) for __rt_entry_sh
    __rtentry2.o(.ARM.Collect$$rtentry$$00000008) refers to boardinit2.o(.text) for _platform_post_stackheap_init
    __rtentry2.o(.ARM.Collect$$rtentry$$0000000A) refers to libinit.o(.ARM.Collect$$libinit$$00000000) for __rt_lib_init
    __rtentry2.o(.ARM.Collect$$rtentry$$0000000B) refers to boardinit3.o(.text) for _platform_post_lib_init
    __rtentry2.o(.ARM.Collect$$rtentry$$0000000D) refers to main.o(.text.main) for main
    __rtentry2.o(.ARM.Collect$$rtentry$$0000000D) refers to exit.o(.text) for exit
    __rtentry2.o(.ARM.exidx) refers to __rtentry2.o(.ARM.Collect$$rtentry$$00000001) for .ARM.Collect$$rtentry$$00000001
    __rtentry2.o(.ARM.exidx) refers to __rtentry2.o(.ARM.Collect$$rtentry$$00000008) for .ARM.Collect$$rtentry$$00000008
    __rtentry2.o(.ARM.exidx) refers to __rtentry2.o(.ARM.Collect$$rtentry$$0000000A) for .ARM.Collect$$rtentry$$0000000A
    __rtentry2.o(.ARM.exidx) refers to __rtentry2.o(.ARM.Collect$$rtentry$$0000000B) for .ARM.Collect$$rtentry$$0000000B
    __rtentry2.o(.ARM.exidx) refers to __rtentry2.o(.ARM.Collect$$rtentry$$0000000D) for .ARM.Collect$$rtentry$$0000000D
    __rtentry4.o(.ARM.Collect$$rtentry$$00000004) refers to sys_stackheap_outer.o(.text) for __user_setup_stackheap
    __rtentry4.o(.ARM.exidx) refers to __rtentry4.o(.ARM.Collect$$rtentry$$00000004) for .ARM.Collect$$rtentry$$00000004
    sys_stackheap_outer.o(.text) refers to libspace.o(.text) for __user_perproc_libspace
    sys_stackheap_outer.o(.text) refers to startup_stm32f429xx.o(.text) for __user_initial_stackheap
    exit.o(.text) refers to rtexit.o(.ARM.Collect$$rtexit$$00000000) for __rt_exit
    libinit.o(.ARM.Collect$$libinit$$00000000) refers (Special) to libinit2.o(.ARM.Collect$$libinit$$0000002E) for __rt_lib_init_alloca_1
    libinit.o(.ARM.Collect$$libinit$$00000000) refers (Special) to libinit2.o(.ARM.Collect$$libinit$$0000002C) for __rt_lib_init_argv_1
    libinit.o(.ARM.Collect$$libinit$$00000000) refers (Special) to libinit2.o(.ARM.Collect$$libinit$$0000001B) for __rt_lib_init_atexit_1
    libinit.o(.ARM.Collect$$libinit$$00000000) refers (Special) to libinit2.o(.ARM.Collect$$libinit$$00000021) for __rt_lib_init_clock_1
    libinit.o(.ARM.Collect$$libinit$$00000000) refers (Special) to libinit2.o(.ARM.Collect$$libinit$$00000032) for __rt_lib_init_cpp_1
    libinit.o(.ARM.Collect$$libinit$$00000000) refers (Special) to libinit2.o(.ARM.Collect$$libinit$$00000030) for __rt_lib_init_exceptions_1
    libinit.o(.ARM.Collect$$libinit$$00000000) refers (Special) to libinit2.o(.ARM.Collect$$libinit$$00000001) for __rt_lib_init_fp_1
    libinit.o(.ARM.Collect$$libinit$$00000000) refers (Special) to libinit2.o(.ARM.Collect$$libinit$$0000001F) for __rt_lib_init_fp_trap_1
    libinit.o(.ARM.Collect$$libinit$$00000000) refers (Special) to libinit2.o(.ARM.Collect$$libinit$$00000023) for __rt_lib_init_getenv_1
    libinit.o(.ARM.Collect$$libinit$$00000000) refers (Special) to libinit2.o(.ARM.Collect$$libinit$$0000000A) for __rt_lib_init_heap_1
    libinit.o(.ARM.Collect$$libinit$$00000000) refers (Special) to libinit2.o(.ARM.Collect$$libinit$$00000011) for __rt_lib_init_lc_collate_1
    libinit.o(.ARM.Collect$$libinit$$00000000) refers (Special) to libinit2.o(.ARM.Collect$$libinit$$00000013) for __rt_lib_init_lc_ctype_1
    libinit.o(.ARM.Collect$$libinit$$00000000) refers (Special) to libinit2.o(.ARM.Collect$$libinit$$00000015) for __rt_lib_init_lc_monetary_1
    libinit.o(.ARM.Collect$$libinit$$00000000) refers (Special) to libinit2.o(.ARM.Collect$$libinit$$00000017) for __rt_lib_init_lc_numeric_1
    libinit.o(.ARM.Collect$$libinit$$00000000) refers (Special) to libinit2.o(.ARM.Collect$$libinit$$00000019) for __rt_lib_init_lc_time_1
    libinit.o(.ARM.Collect$$libinit$$00000000) refers (Special) to libinit2.o(.ARM.Collect$$libinit$$00000004) for __rt_lib_init_preinit_1
    libinit.o(.ARM.Collect$$libinit$$00000000) refers (Special) to libinit2.o(.ARM.Collect$$libinit$$0000000E) for __rt_lib_init_rand_1
    libinit.o(.ARM.Collect$$libinit$$00000000) refers (Special) to libinit2.o(.ARM.Collect$$libinit$$00000033) for __rt_lib_init_return
    libinit.o(.ARM.Collect$$libinit$$00000000) refers (Special) to libinit2.o(.ARM.Collect$$libinit$$0000001D) for __rt_lib_init_signal_1
    libinit.o(.ARM.Collect$$libinit$$00000000) refers (Special) to libinit2.o(.ARM.Collect$$libinit$$00000025) for __rt_lib_init_stdio_1
    libinit.o(.ARM.Collect$$libinit$$00000000) refers (Special) to libinit2.o(.ARM.Collect$$libinit$$0000000C) for __rt_lib_init_user_alloc_1
    libspace.o(.text) refers to libspace.o(.bss) for __libspace_start
    rtexit.o(.ARM.Collect$$rtexit$$00000000) refers (Special) to rtexit2.o(.ARM.Collect$$rtexit$$00000004) for __rt_exit_exit
    rtexit.o(.ARM.Collect$$rtexit$$00000000) refers (Special) to rtexit2.o(.ARM.Collect$$rtexit$$00000003) for __rt_exit_ls
    rtexit.o(.ARM.Collect$$rtexit$$00000000) refers (Special) to rtexit2.o(.ARM.Collect$$rtexit$$00000002) for __rt_exit_prels_1
    rtexit.o(.ARM.exidx) refers (Special) to rtexit2.o(.ARM.Collect$$rtexit$$00000004) for __rt_exit_exit
    rtexit.o(.ARM.exidx) refers (Special) to rtexit2.o(.ARM.Collect$$rtexit$$00000003) for __rt_exit_ls
    rtexit.o(.ARM.exidx) refers (Special) to rtexit2.o(.ARM.Collect$$rtexit$$00000002) for __rt_exit_prels_1
    rtexit.o(.ARM.exidx) refers to rtexit.o(.ARM.Collect$$rtexit$$00000000) for .ARM.Collect$$rtexit$$00000000
    libinit2.o(.ARM.Collect$$libinit$$00000001) refers to fpinit.o(x$fpl$fpinit) for _fp_init
    libinit2.o(.ARM.Collect$$libinit$$00000010) refers to libinit2.o(.ARM.Collect$$libinit$$0000000F) for .ARM.Collect$$libinit$$0000000F
    libinit2.o(.ARM.Collect$$libinit$$00000012) refers to libinit2.o(.ARM.Collect$$libinit$$0000000F) for .ARM.Collect$$libinit$$0000000F
    libinit2.o(.ARM.Collect$$libinit$$00000014) refers to libinit2.o(.ARM.Collect$$libinit$$0000000F) for .ARM.Collect$$libinit$$0000000F
    libinit2.o(.ARM.Collect$$libinit$$00000016) refers to libinit2.o(.ARM.Collect$$libinit$$0000000F) for .ARM.Collect$$libinit$$0000000F
    libinit2.o(.ARM.Collect$$libinit$$00000018) refers to libinit2.o(.ARM.Collect$$libinit$$0000000F) for .ARM.Collect$$libinit$$0000000F
    libinit2.o(.ARM.Collect$$libinit$$00000026) refers to argv_veneer.o(.emb_text) for __ARM_argv_veneer
    libinit2.o(.ARM.Collect$$libinit$$00000027) refers to argv_veneer.o(.emb_text) for __ARM_argv_veneer
    rtexit2.o(.ARM.Collect$$rtexit$$00000003) refers to libshutdown.o(.ARM.Collect$$libshutdown$$00000000) for __rt_lib_shutdown
    rtexit2.o(.ARM.Collect$$rtexit$$00000004) refers to sys_exit.o(.text) for _sys_exit
    rtexit2.o(.ARM.exidx) refers to rtexit2.o(.ARM.Collect$$rtexit$$00000001) for .ARM.Collect$$rtexit$$00000001
    rtexit2.o(.ARM.exidx) refers to rtexit2.o(.ARM.Collect$$rtexit$$00000003) for .ARM.Collect$$rtexit$$00000003
    rtexit2.o(.ARM.exidx) refers to rtexit2.o(.ARM.Collect$$rtexit$$00000004) for .ARM.Collect$$rtexit$$00000004
    argv_veneer.o(.emb_text) refers to no_argv.o(.text) for __ARM_get_argv
    sys_exit.o(.text) refers (Special) to use_no_semi.o(.text) for __I$use$semihosting
    sys_exit.o(.text) refers (Special) to indicate_semi.o(.text) for __semihosting_library_function
    sys_exit_hlt.o(.text) refers (Special) to use_no_semi.o(.text) for __I$use$semihosting
    sys_exit_hlt.o(.text) refers (Special) to indicate_semi.o(.text) for __semihosting_library_function
    _get_argv_nomalloc.o(.text) refers (Special) to hrguard.o(.text) for __heap_region$guard
    _get_argv_nomalloc.o(.text) refers to defsig_rtmem_outer.o(.text) for __rt_SIGRTMEM
    _get_argv_nomalloc.o(.text) refers to sys_command.o(.text) for _sys_command_string
    libshutdown.o(.ARM.Collect$$libshutdown$$00000000) refers (Special) to libshutdown2.o(.ARM.Collect$$libshutdown$$00000002) for __rt_lib_shutdown_cpp_1
    libshutdown.o(.ARM.Collect$$libshutdown$$00000000) refers (Special) to libshutdown2.o(.ARM.Collect$$libshutdown$$00000007) for __rt_lib_shutdown_fp_trap_1
    libshutdown.o(.ARM.Collect$$libshutdown$$00000000) refers (Special) to libshutdown2.o(.ARM.Collect$$libshutdown$$0000000F) for __rt_lib_shutdown_heap_1
    libshutdown.o(.ARM.Collect$$libshutdown$$00000000) refers (Special) to libshutdown2.o(.ARM.Collect$$libshutdown$$00000010) for __rt_lib_shutdown_return
    libshutdown.o(.ARM.Collect$$libshutdown$$00000000) refers (Special) to libshutdown2.o(.ARM.Collect$$libshutdown$$0000000A) for __rt_lib_shutdown_signal_1
    libshutdown.o(.ARM.Collect$$libshutdown$$00000000) refers (Special) to libshutdown2.o(.ARM.Collect$$libshutdown$$00000004) for __rt_lib_shutdown_stdio_1
    libshutdown.o(.ARM.Collect$$libshutdown$$00000000) refers (Special) to libshutdown2.o(.ARM.Collect$$libshutdown$$0000000C) for __rt_lib_shutdown_user_alloc_1
    sys_command.o(.text) refers (Special) to use_no_semi.o(.text) for __I$use$semihosting
    sys_command.o(.text) refers (Special) to indicate_semi.o(.text) for __semihosting_library_function
    sys_command_hlt.o(.text) refers (Special) to use_no_semi.o(.text) for __I$use$semihosting
    sys_command_hlt.o(.text) refers (Special) to indicate_semi.o(.text) for __semihosting_library_function
    defsig_rtmem_outer.o(.text) refers to defsig_rtmem_inner.o(.text) for __rt_SIGRTMEM_inner
    defsig_rtmem_outer.o(.text) refers to defsig_exit.o(.text) for __sig_exit
    defsig_rtmem_formal.o(.text) refers to rt_raise.o(.text) for __rt_raise
    rt_raise.o(.text) refers to __raise.o(.text) for __raise
    rt_raise.o(.text) refers to sys_exit.o(.text) for _sys_exit
    defsig_exit.o(.text) refers to sys_exit.o(.text) for _sys_exit
    defsig_rtmem_inner.o(.text) refers to defsig_general.o(.text) for __default_signal_display
    __raise.o(.text) refers to defsig.o(CL$$defsig) for __default_signal_handler
    defsig_general.o(.text) refers to sys_wrch.o(.text) for _ttywrch
    sys_wrch.o(.text) refers (Special) to use_no_semi.o(.text) for __I$use$semihosting
    sys_wrch.o(.text) refers (Special) to indicate_semi.o(.text) for __semihosting_library_function
    sys_wrch_hlt.o(.text) refers (Special) to use_no_semi.o(.text) for __I$use$semihosting
    sys_wrch_hlt.o(.text) refers (Special) to indicate_semi.o(.text) for __semihosting_library_function
    defsig.o(CL$$defsig) refers to defsig_rtmem_inner.o(.text) for __rt_SIGRTMEM_inner
    defsig_abrt_inner.o(.text) refers to defsig_general.o(.text) for __default_signal_display
    defsig_fpe_inner.o(.text) refers to defsig_general.o(.text) for __default_signal_display
    defsig_rtred_inner.o(.text) refers to defsig_general.o(.text) for __default_signal_display
    defsig_stak_inner.o(.text) refers to defsig_general.o(.text) for __default_signal_display
    defsig_pvfn_inner.o(.text) refers to defsig_general.o(.text) for __default_signal_display
    defsig_cppl_inner.o(.text) refers to defsig_general.o(.text) for __default_signal_display
    defsig_segv_inner.o(.text) refers to defsig_general.o(.text) for __default_signal_display
    defsig_other.o(.text) refers to defsig_general.o(.text) for __default_signal_display


==============================================================================

Removing Unused input sections from the image.

    Removing rcc_program.o(.text), (0 bytes).
    Removing rcc_program.o(.ARM.exidx.text.vRCC_Init), (8 bytes).
    Removing rcc_program.o(.ARM.exidx.text.vRCC_Enable), (8 bytes).
    Removing gpio_program.o(.text), (0 bytes).
    Removing gpio_program.o(.ARM.exidx.text.vGPIO_PIN_Mode), (8 bytes).
    Removing gpio_program.o(.ARM.exidx.text.vGPIO_OUTPUT_PIN_TYPE), (8 bytes).
    Removing gpio_program.o(.ARM.exidx.text.vGPIO_OUTPUT_PIN_SPEED), (8 bytes).
    Removing gpio_program.o(.text.vGPIO_PULL_UP_DOWN), (28 bytes).
    Removing gpio_program.o(.ARM.exidx.text.vGPIO_PULL_UP_DOWN), (8 bytes).
    Removing gpio_program.o(.text.u8GPIO_READ_PIN), (32 bytes).
    Removing gpio_program.o(.ARM.exidx.text.u8GPIO_READ_PIN), (8 bytes).
    Removing gpio_program.o(.ARM.exidx.text.vGPIO_Write_PIN), (8 bytes).
    Removing gpio_program.o(.text.vGPIO_PIN_LCK), (214 bytes).
    Removing gpio_program.o(.ARM.exidx.text.vGPIO_PIN_LCK), (8 bytes).
    Removing gpio_program.o(.text.vGPIO_SetAlternate), (104 bytes).
    Removing gpio_program.o(.ARM.exidx.text.vGPIO_SetAlternate), (8 bytes).
    Removing nvic_program.o(.text), (0 bytes).
    Removing nvic_program.o(.text.vNVIC_SET_ENABLE), (58 bytes).
    Removing nvic_program.o(.ARM.exidx.text.vNVIC_SET_ENABLE), (8 bytes).
    Removing nvic_program.o(.text.vNVIC_Clear_ENABLE), (58 bytes).
    Removing nvic_program.o(.ARM.exidx.text.vNVIC_Clear_ENABLE), (8 bytes).
    Removing nvic_program.o(.text.vNVIC_SET_PendingFlag), (58 bytes).
    Removing nvic_program.o(.ARM.exidx.text.vNVIC_SET_PendingFlag), (8 bytes).
    Removing nvic_program.o(.text.vNVIC_Clear_PendingFlag), (58 bytes).
    Removing nvic_program.o(.ARM.exidx.text.vNVIC_Clear_PendingFlag), (8 bytes).
    Removing nvic_program.o(.text.u8NVIC_Read_ActiveFlag), (56 bytes).
    Removing nvic_program.o(.ARM.exidx.text.u8NVIC_Read_ActiveFlag), (8 bytes).
    Removing nvic_program.o(.text.vNVIC_Set_Priority), (46 bytes).
    Removing nvic_program.o(.ARM.exidx.text.vNVIC_Set_Priority), (8 bytes).
    Removing exti_program.o(.text), (0 bytes).
    Removing exti_program.o(.text.vEXTI_Enable), (22 bytes).
    Removing exti_program.o(.ARM.exidx.text.vEXTI_Enable), (8 bytes).
    Removing exti_program.o(.text.vEXTI_Disable), (24 bytes).
    Removing exti_program.o(.ARM.exidx.text.vEXTI_Disable), (8 bytes).
    Removing exti_program.o(.text.vEXTI_Event_Type), (22 bytes).
    Removing exti_program.o(.ARM.exidx.text.vEXTI_Event_Type), (8 bytes).
    Removing exti_program.o(.text.vEXTI_SWIER_Trigger), (22 bytes).
    Removing exti_program.o(.ARM.exidx.text.vEXTI_SWIER_Trigger), (8 bytes).
    Removing exti_program.o(.text.vEXTI_CLEAR_PENDING), (22 bytes).
    Removing exti_program.o(.ARM.exidx.text.vEXTI_CLEAR_PENDING), (8 bytes).
    Removing exti_program.o(.text.vEXTI_SET_PIN_PORT), (176 bytes).
    Removing exti_program.o(.ARM.exidx.text.vEXTI_SET_PIN_PORT), (8 bytes).
    Removing exti_program.o(.text.vEXTI_Call_Back_Function), (2 bytes).
    Removing exti_program.o(.ARM.exidx.text.vEXTI_Call_Back_Function), (8 bytes).
    Removing systick_program.o(.text), (0 bytes).
    Removing systick_program.o(.ARM.exidx.text.SYS_voidTickInit), (8 bytes).
    Removing systick_program.o(.text.SYS_voidTick_Wait), (42 bytes).
    Removing systick_program.o(.ARM.exidx.text.SYS_voidTick_Wait), (8 bytes).
    Removing systick_program.o(.text.SYS_voidTick_IntervalSignle), (38 bytes).
    Removing systick_program.o(.ARM.exidx.text.SYS_voidTick_IntervalSignle), (8 bytes).
    Removing systick_program.o(.ARM.exidx.text.SYS_voidTick_IntervalPeriodic), (8 bytes).
    Removing systick_program.o(.text.SYS_voidTick_IntervalStop), (32 bytes).
    Removing systick_program.o(.ARM.exidx.text.SYS_voidTick_IntervalStop), (8 bytes).
    Removing systick_program.o(.text.SYS_u32Tick_GetElaspedTime), (16 bytes).
    Removing systick_program.o(.ARM.exidx.text.SYS_u32Tick_GetElaspedTime), (8 bytes).
    Removing systick_program.o(.text.SYS_u32Tick_GetRemaindingTime), (12 bytes).
    Removing systick_program.o(.ARM.exidx.text.SYS_u32Tick_GetRemaindingTime), (8 bytes).
    Removing dma_program.o(.text), (0 bytes).
    Removing dma_program.o(.text.DMA_Init), (140 bytes).
    Removing dma_program.o(.ARM.exidx.text.DMA_Init), (8 bytes).
    Removing dma_program.o(.text.DMA_Transfer), (24 bytes).
    Removing dma_program.o(.ARM.exidx.text.DMA_Transfer), (8 bytes).
    Removing dma_program.o(.text.DMA_Enable), (42 bytes).
    Removing dma_program.o(.ARM.exidx.text.DMA_Enable), (8 bytes).
    Removing dma_program.o(.text.DMA1_Call_Back), (2 bytes).
    Removing dma_program.o(.ARM.exidx.text.DMA1_Call_Back), (8 bytes).
    Removing dotmatrix_program.o(.text), (0 bytes).
    Removing dotmatrix_program.o(.ARM.exidx.text.DOTMATRIX_Init), (8 bytes).
    Removing dotmatrix_program.o(.ARM.exidx.text.DOTMATRIX_Display), (8 bytes).
    Removing dotmatrix_program.o(.ARM.exidx.text.Active_column), (8 bytes).
    Removing dotmatrix_program.o(.ARM.exidx.text.DOTMATRIX_SetRaw_value), (8 bytes).
    Removing dotmatrix_program.o(.ARM.exidx.text.DOTMATRIX_Next_column), (8 bytes).
    Removing main.o(.text), (0 bytes).
    Removing main.o(.ARM.exidx.text.main), (8 bytes).
    Removing main.o(.ARM.use_no_argv), (4 bytes).
    Removing system_stm32f4xx.o(.text), (0 bytes).
    Removing system_stm32f4xx.o(.ARM.exidx.text.SystemInit), (8 bytes).
    Removing system_stm32f4xx.o(.text.SystemCoreClockUpdate), (126 bytes).
    Removing system_stm32f4xx.o(.ARM.exidx.text.SystemCoreClockUpdate), (8 bytes).
    Removing system_stm32f4xx.o(.data.SystemCoreClock), (4 bytes).
    Removing system_stm32f4xx.o(.rodata.AHBPrescTable), (16 bytes).
    Removing system_stm32f4xx.o(.rodata.APBPrescTable), (8 bytes).

82 unused section(s) (total 1844 bytes) removed from the image.

==============================================================================

Image Symbol Table

    Local Symbols

    Symbol Name                              Value     Ov Type        Size  Object(Section)

    ../clib/angel/boardlib.s                 0x00000000   Number         0  boardinit1.o ABSOLUTE
    ../clib/angel/boardlib.s                 0x00000000   Number         0  boardinit2.o ABSOLUTE
    ../clib/angel/boardlib.s                 0x00000000   Number         0  boardinit3.o ABSOLUTE
    ../clib/angel/boardlib.s                 0x00000000   Number         0  boardshut.o ABSOLUTE
    ../clib/angel/handlers.s                 0x00000000   Number         0  __scatter_zi.o ABSOLUTE
    ../clib/angel/kernel.s                   0x00000000   Number         0  __rtentry.o ABSOLUTE
    ../clib/angel/kernel.s                   0x00000000   Number         0  __rtentry2.o ABSOLUTE
    ../clib/angel/kernel.s                   0x00000000   Number         0  __rtentry4.o ABSOLUTE
    ../clib/angel/kernel.s                   0x00000000   Number         0  rtexit.o ABSOLUTE
    ../clib/angel/kernel.s                   0x00000000   Number         0  rtexit2.o ABSOLUTE
    ../clib/angel/rt.s                       0x00000000   Number         0  rt_raise.o ABSOLUTE
    ../clib/angel/scatter.s                  0x00000000   Number         0  __scatter.o ABSOLUTE
    ../clib/angel/startup.s                  0x00000000   Number         0  __main.o ABSOLUTE
    ../clib/angel/sys.s                      0x00000000   Number         0  sys_stackheap_outer.o ABSOLUTE
    ../clib/angel/sys.s                      0x00000000   Number         0  libspace.o ABSOLUTE
    ../clib/angel/sys.s                      0x00000000   Number         0  use_no_semi.o ABSOLUTE
    ../clib/angel/sys.s                      0x00000000   Number         0  indicate_semi.o ABSOLUTE
    ../clib/angel/sysapp.c                   0x00000000   Number         0  sys_exit.o ABSOLUTE
    ../clib/angel/sysapp.c                   0x00000000   Number         0  sys_exit_hlt.o ABSOLUTE
    ../clib/angel/sysapp.c                   0x00000000   Number         0  sys_command.o ABSOLUTE
    ../clib/angel/sysapp.c                   0x00000000   Number         0  sys_command_hlt.o ABSOLUTE
    ../clib/angel/sysapp.c                   0x00000000   Number         0  sys_wrch.o ABSOLUTE
    ../clib/angel/sysapp.c                   0x00000000   Number         0  sys_wrch_hlt.o ABSOLUTE
    ../clib/armsys.c                         0x00000000   Number         0  argv_veneer.o ABSOLUTE
    ../clib/armsys.c                         0x00000000   Number         0  argv_veneer.o ABSOLUTE
    ../clib/armsys.c                         0x00000000   Number         0  _get_argv_nomalloc.o ABSOLUTE
    ../clib/armsys.c                         0x00000000   Number         0  no_argv.o ABSOLUTE
    ../clib/heapalloc.c                      0x00000000   Number         0  hrguard.o ABSOLUTE
    ../clib/heapaux.c                        0x00000000   Number         0  heapauxi.o ABSOLUTE
    ../clib/libinit.s                        0x00000000   Number         0  libinit.o ABSOLUTE
    ../clib/libinit.s                        0x00000000   Number         0  libinit2.o ABSOLUTE
    ../clib/libinit.s                        0x00000000   Number         0  libshutdown.o ABSOLUTE
    ../clib/libinit.s                        0x00000000   Number         0  libshutdown2.o ABSOLUTE
    ../clib/signal.c                         0x00000000   Number         0  defsig_rtmem_outer.o ABSOLUTE
    ../clib/signal.c                         0x00000000   Number         0  defsig_rtmem_formal.o ABSOLUTE
    ../clib/signal.c                         0x00000000   Number         0  defsig_exit.o ABSOLUTE
    ../clib/signal.c                         0x00000000   Number         0  defsig_rtmem_inner.o ABSOLUTE
    ../clib/signal.c                         0x00000000   Number         0  __raise.o ABSOLUTE
    ../clib/signal.c                         0x00000000   Number         0  defsig_general.o ABSOLUTE
    ../clib/signal.c                         0x00000000   Number         0  defsig_abrt_inner.o ABSOLUTE
    ../clib/signal.c                         0x00000000   Number         0  defsig_fpe_inner.o ABSOLUTE
    ../clib/signal.c                         0x00000000   Number         0  defsig_rtred_inner.o ABSOLUTE
    ../clib/signal.c                         0x00000000   Number         0  defsig_stak_inner.o ABSOLUTE
    ../clib/signal.c                         0x00000000   Number         0  defsig_pvfn_inner.o ABSOLUTE
    ../clib/signal.c                         0x00000000   Number         0  defsig_cppl_inner.o ABSOLUTE
    ../clib/signal.c                         0x00000000   Number         0  defsig_segv_inner.o ABSOLUTE
    ../clib/signal.c                         0x00000000   Number         0  defsig_other.o ABSOLUTE
    ../clib/signal.s                         0x00000000   Number         0  defsig.o ABSOLUTE
    ../clib/stdlib.c                         0x00000000   Number         0  exit.o ABSOLUTE
    ../fplib/fpinit.s                        0x00000000   Number         0  fpinit.o ABSOLUTE
    DMA_Program.c                            0x00000000   Number         0  dma_program.o ABSOLUTE
    DOTMATRIX_Program.c                      0x00000000   Number         0  dotmatrix_program.o ABSOLUTE
    EXTI_Program.c                           0x00000000   Number         0  exti_program.o ABSOLUTE
    GPIO_Program.c                           0x00000000   Number         0  gpio_program.o ABSOLUTE
    NVIC_Program.c                           0x00000000   Number         0  nvic_program.o ABSOLUTE
    RCC_Program.c                            0x00000000   Number         0  rcc_program.o ABSOLUTE
    RTE/Device/STM32F429ZITx/startup_stm32f429xx.s 0x00000000   Number         0  startup_stm32f429xx.o ABSOLUTE
    SYSTICK_Program.c                        0x00000000   Number         0  systick_program.o ABSOLUTE
    dc.s                                     0x00000000   Number         0  dc.o ABSOLUTE
    main.c                                   0x00000000   Number         0  main.o ABSOLUTE
    system_stm32f4xx.c                       0x00000000   Number         0  system_stm32f4xx.o ABSOLUTE
    RESET                                    0x08000000   Section      428  startup_stm32f429xx.o(RESET)
    !!!main                                  0x080001ac   Section        8  __main.o(!!!main)
    !!!scatter                               0x080001b4   Section       52  __scatter.o(!!!scatter)
    !!handler_zi                             0x080001e8   Section       28  __scatter_zi.o(!!handler_zi)
    .ARM.Collect$$libinit$$00000000          0x08000204   Section        2  libinit.o(.ARM.Collect$$libinit$$00000000)
    .ARM.Collect$$libinit$$00000001          0x08000206   Section        4  libinit2.o(.ARM.Collect$$libinit$$00000001)
    .ARM.Collect$$libinit$$00000004          0x0800020a   Section        0  libinit2.o(.ARM.Collect$$libinit$$00000004)
    .ARM.Collect$$libinit$$0000000A          0x0800020a   Section        0  libinit2.o(.ARM.Collect$$libinit$$0000000A)
    .ARM.Collect$$libinit$$0000000C          0x0800020a   Section        0  libinit2.o(.ARM.Collect$$libinit$$0000000C)
    .ARM.Collect$$libinit$$0000000E          0x0800020a   Section        0  libinit2.o(.ARM.Collect$$libinit$$0000000E)
    .ARM.Collect$$libinit$$00000011          0x0800020a   Section        0  libinit2.o(.ARM.Collect$$libinit$$00000011)
    .ARM.Collect$$libinit$$00000013          0x0800020a   Section        0  libinit2.o(.ARM.Collect$$libinit$$00000013)
    .ARM.Collect$$libinit$$00000015          0x0800020a   Section        0  libinit2.o(.ARM.Collect$$libinit$$00000015)
    .ARM.Collect$$libinit$$00000017          0x0800020a   Section        0  libinit2.o(.ARM.Collect$$libinit$$00000017)
    .ARM.Collect$$libinit$$00000019          0x0800020a   Section        0  libinit2.o(.ARM.Collect$$libinit$$00000019)
    .ARM.Collect$$libinit$$0000001B          0x0800020a   Section        0  libinit2.o(.ARM.Collect$$libinit$$0000001B)
    .ARM.Collect$$libinit$$0000001D          0x0800020a   Section        0  libinit2.o(.ARM.Collect$$libinit$$0000001D)
    .ARM.Collect$$libinit$$0000001F          0x0800020a   Section        0  libinit2.o(.ARM.Collect$$libinit$$0000001F)
    .ARM.Collect$$libinit$$00000021          0x0800020a   Section        0  libinit2.o(.ARM.Collect$$libinit$$00000021)
    .ARM.Collect$$libinit$$00000023          0x0800020a   Section        0  libinit2.o(.ARM.Collect$$libinit$$00000023)
    .ARM.Collect$$libinit$$00000025          0x0800020a   Section        0  libinit2.o(.ARM.Collect$$libinit$$00000025)
    .ARM.Collect$$libinit$$0000002C          0x0800020a   Section        0  libinit2.o(.ARM.Collect$$libinit$$0000002C)
    .ARM.Collect$$libinit$$0000002E          0x0800020a   Section        0  libinit2.o(.ARM.Collect$$libinit$$0000002E)
    .ARM.Collect$$libinit$$00000030          0x0800020a   Section        0  libinit2.o(.ARM.Collect$$libinit$$00000030)
    .ARM.Collect$$libinit$$00000032          0x0800020a   Section        0  libinit2.o(.ARM.Collect$$libinit$$00000032)
    .ARM.Collect$$libinit$$00000033          0x0800020a   Section        2  libinit2.o(.ARM.Collect$$libinit$$00000033)
    .ARM.Collect$$libshutdown$$00000000      0x0800020c   Section        2  libshutdown.o(.ARM.Collect$$libshutdown$$00000000)
    .ARM.Collect$$libshutdown$$00000002      0x0800020e   Section        0  libshutdown2.o(.ARM.Collect$$libshutdown$$00000002)
    .ARM.Collect$$libshutdown$$00000004      0x0800020e   Section        0  libshutdown2.o(.ARM.Collect$$libshutdown$$00000004)
    .ARM.Collect$$libshutdown$$00000007      0x0800020e   Section        0  libshutdown2.o(.ARM.Collect$$libshutdown$$00000007)
    .ARM.Collect$$libshutdown$$0000000A      0x0800020e   Section        0  libshutdown2.o(.ARM.Collect$$libshutdown$$0000000A)
    .ARM.Collect$$libshutdown$$0000000C      0x0800020e   Section        0  libshutdown2.o(.ARM.Collect$$libshutdown$$0000000C)
    .ARM.Collect$$libshutdown$$0000000F      0x0800020e   Section        0  libshutdown2.o(.ARM.Collect$$libshutdown$$0000000F)
    .ARM.Collect$$libshutdown$$00000010      0x0800020e   Section        2  libshutdown2.o(.ARM.Collect$$libshutdown$$00000010)
    .ARM.Collect$$rtentry$$00000000          0x08000210   Section        0  __rtentry.o(.ARM.Collect$$rtentry$$00000000)
    .ARM.Collect$$rtentry$$00000002          0x08000210   Section        0  __rtentry2.o(.ARM.Collect$$rtentry$$00000002)
    .ARM.Collect$$rtentry$$00000004          0x08000210   Section        6  __rtentry4.o(.ARM.Collect$$rtentry$$00000004)
    .ARM.Collect$$rtentry$$00000009          0x08000216   Section        0  __rtentry2.o(.ARM.Collect$$rtentry$$00000009)
    .ARM.Collect$$rtentry$$0000000A          0x08000216   Section        4  __rtentry2.o(.ARM.Collect$$rtentry$$0000000A)
    .ARM.Collect$$rtentry$$0000000C          0x0800021a   Section        0  __rtentry2.o(.ARM.Collect$$rtentry$$0000000C)
    .ARM.Collect$$rtentry$$0000000D          0x0800021a   Section        8  __rtentry2.o(.ARM.Collect$$rtentry$$0000000D)
    .ARM.Collect$$rtexit$$00000000           0x08000222   Section        2  rtexit.o(.ARM.Collect$$rtexit$$00000000)
    .ARM.Collect$$rtexit$$00000002           0x08000224   Section        0  rtexit2.o(.ARM.Collect$$rtexit$$00000002)
    .ARM.Collect$$rtexit$$00000003           0x08000224   Section        4  rtexit2.o(.ARM.Collect$$rtexit$$00000003)
    .ARM.Collect$$rtexit$$00000004           0x08000228   Section        6  rtexit2.o(.ARM.Collect$$rtexit$$00000004)
    $v0                                      0x08000230   Number         0  startup_stm32f429xx.o(.text)
    .text                                    0x08000230   Section       64  startup_stm32f429xx.o(.text)
    .text                                    0x08000270   Section        0  heapauxi.o(.text)
    .text                                    0x08000276   Section       74  sys_stackheap_outer.o(.text)
    .text                                    0x080002c0   Section        0  exit.o(.text)
    .text                                    0x080002d4   Section        8  libspace.o(.text)
    .text                                    0x080002dc   Section        0  sys_exit.o(.text)
    .text                                    0x080002e8   Section        2  use_no_semi.o(.text)
    .text                                    0x080002ea   Section        0  indicate_semi.o(.text)
    [Anonymous Symbol]                       0x080002ec   Section        0  dotmatrix_program.o(.text.Active_column)
    [Anonymous Symbol]                       0x08000354   Section        0  dotmatrix_program.o(.text.DOTMATRIX_Display)
    [Anonymous Symbol]                       0x08000390   Section        0  dotmatrix_program.o(.text.DOTMATRIX_Init)
    [Anonymous Symbol]                       0x08000560   Section        0  dotmatrix_program.o(.text.DOTMATRIX_Next_column)
    [Anonymous Symbol]                       0x08000594   Section        0  dotmatrix_program.o(.text.DOTMATRIX_SetRaw_value)
    [Anonymous Symbol]                       0x08000610   Section        0  systick_program.o(.text.SYS_voidTickInit)
    [Anonymous Symbol]                       0x08000624   Section        0  systick_program.o(.text.SYS_voidTick_IntervalPeriodic)
    [Anonymous Symbol]                       0x0800064c   Section        0  system_stm32f4xx.o(.text.SystemInit)
    [Anonymous Symbol]                       0x08000668   Section        0  main.o(.text.main)
    [Anonymous Symbol]                       0x080006ac   Section        0  gpio_program.o(.text.vGPIO_OUTPUT_PIN_SPEED)
    [Anonymous Symbol]                       0x080006c8   Section        0  gpio_program.o(.text.vGPIO_OUTPUT_PIN_TYPE)
    [Anonymous Symbol]                       0x080006e4   Section        0  gpio_program.o(.text.vGPIO_PIN_Mode)
    [Anonymous Symbol]                       0x08000700   Section        0  gpio_program.o(.text.vGPIO_Write_PIN)
    [Anonymous Symbol]                       0x08000768   Section        0  rcc_program.o(.text.vRCC_Enable)
    [Anonymous Symbol]                       0x080007dc   Section        0  rcc_program.o(.text.vRCC_Init)
    $v0                                      0x08000946   Number         0  fpinit.o(x$fpl$fpinit)
    x$fpl$fpinit                             0x08000946   Section       26  fpinit.o(x$fpl$fpinit)
    .bss                                     0x20000000   Section       96  libspace.o(.bss)
    CallBack_ptr                             0x20000060   Data           4  systick_program.o(.bss.CallBack_ptr)
    [Anonymous Symbol]                       0x20000060   Section        0  systick_program.o(.bss.CallBack_ptr)
    DATA_DISPLAY                             0x20000064   Data           4  dotmatrix_program.o(.bss.DATA_DISPLAY)
    [Anonymous Symbol]                       0x20000064   Section        0  dotmatrix_program.o(.bss.DATA_DISPLAY)
    INDEX_OF_DATA_DISPLAY                    0x20000068   Data           1  dotmatrix_program.o(.bss.INDEX_OF_DATA_DISPLAY)
    [Anonymous Symbol]                       0x20000068   Section        0  dotmatrix_program.o(.bss.INDEX_OF_DATA_DISPLAY)
    Heap_Mem                                 0x20000070   Data         512  startup_stm32f429xx.o(HEAP)
    HEAP                                     0x20000070   Section      512  startup_stm32f429xx.o(HEAP)
    Stack_Mem                                0x20000270   Data        1024  startup_stm32f429xx.o(STACK)
    STACK                                    0x20000270   Section     1024  startup_stm32f429xx.o(STACK)
    __initial_sp                             0x20000670   Data           0  startup_stm32f429xx.o(STACK)

    Global Symbols

    Symbol Name                              Value     Ov Type        Size  Object(Section)

    BuildAttributes$$THM_ISAv4$E$P$D$K$B$S$7EM$VFPi3$EXTD16$VFPS$VFMA$PE$A:L22UL41UL21$X:L11$S22US41US21$IEEE1$IW$~IW$USESV6$~STKCKD$USESV7$~SHL$OTIME$ROPI$EBA8$UX$STANDARDLIB$REQ8$PRES8$EABIv2 0x00000000   Number         0  anon$$obj.o ABSOLUTE
    __ARM_exceptions_init                     - Undefined Weak Reference
    __alloca_initialize                       - Undefined Weak Reference
    __arm_preinit_                            - Undefined Weak Reference
    __cpp_initialize__aeabi_                  - Undefined Weak Reference
    __cxa_finalize                            - Undefined Weak Reference
    __rt_locale                               - Undefined Weak Reference
    __sigvec_lookup                           - Undefined Weak Reference
    _atexit_init                              - Undefined Weak Reference
    _call_atexit_fns                          - Undefined Weak Reference
    _clock_init                               - Undefined Weak Reference
    _fp_trap_init                             - Undefined Weak Reference
    _fp_trap_shutdown                         - Undefined Weak Reference
    _get_lc_collate                           - Undefined Weak Reference
    _get_lc_ctype                             - Undefined Weak Reference
    _get_lc_monetary                          - Undefined Weak Reference
    _get_lc_numeric                           - Undefined Weak Reference
    _get_lc_time                              - Undefined Weak Reference
    _getenv_init                              - Undefined Weak Reference
    _handle_redirection                       - Undefined Weak Reference
    _init_alloc                               - Undefined Weak Reference
    _init_user_alloc                          - Undefined Weak Reference
    _initio                                   - Undefined Weak Reference
    _rand_init                                - Undefined Weak Reference
    _signal_finish                            - Undefined Weak Reference
    _signal_init                              - Undefined Weak Reference
    _terminate_alloc                          - Undefined Weak Reference
    _terminate_user_alloc                     - Undefined Weak Reference
    _terminateio                              - Undefined Weak Reference
    __Vectors_Size                           0x000001ac   Number         0  startup_stm32f429xx.o ABSOLUTE
    __Vectors                                0x08000000   Data           4  startup_stm32f429xx.o(RESET)
    __Vectors_End                            0x080001ac   Data           0  startup_stm32f429xx.o(RESET)
    __main                                   0x080001ad   Thumb Code     8  __main.o(!!!main)
    __scatterload                            0x080001b5   Thumb Code     0  __scatter.o(!!!scatter)
    __scatterload_rt2                        0x080001b5   Thumb Code    44  __scatter.o(!!!scatter)
    __scatterload_rt2_thumb_only             0x080001b5   Thumb Code     0  __scatter.o(!!!scatter)
    __scatterload_null                       0x080001c3   Thumb Code     0  __scatter.o(!!!scatter)
    __scatterload_zeroinit                   0x080001e9   Thumb Code    28  __scatter_zi.o(!!handler_zi)
    __rt_lib_init                            0x08000205   Thumb Code     0  libinit.o(.ARM.Collect$$libinit$$00000000)
    __rt_lib_init_fp_1                       0x08000207   Thumb Code     0  libinit2.o(.ARM.Collect$$libinit$$00000001)
    __rt_lib_init_alloca_1                   0x0800020b   Thumb Code     0  libinit2.o(.ARM.Collect$$libinit$$0000002E)
    __rt_lib_init_argv_1                     0x0800020b   Thumb Code     0  libinit2.o(.ARM.Collect$$libinit$$0000002C)
    __rt_lib_init_atexit_1                   0x0800020b   Thumb Code     0  libinit2.o(.ARM.Collect$$libinit$$0000001B)
    __rt_lib_init_clock_1                    0x0800020b   Thumb Code     0  libinit2.o(.ARM.Collect$$libinit$$00000021)
    __rt_lib_init_cpp_1                      0x0800020b   Thumb Code     0  libinit2.o(.ARM.Collect$$libinit$$00000032)
    __rt_lib_init_exceptions_1               0x0800020b   Thumb Code     0  libinit2.o(.ARM.Collect$$libinit$$00000030)
    __rt_lib_init_fp_trap_1                  0x0800020b   Thumb Code     0  libinit2.o(.ARM.Collect$$libinit$$0000001F)
    __rt_lib_init_getenv_1                   0x0800020b   Thumb Code     0  libinit2.o(.ARM.Collect$$libinit$$00000023)
    __rt_lib_init_heap_1                     0x0800020b   Thumb Code     0  libinit2.o(.ARM.Collect$$libinit$$0000000A)
    __rt_lib_init_lc_collate_1               0x0800020b   Thumb Code     0  libinit2.o(.ARM.Collect$$libinit$$00000011)
    __rt_lib_init_lc_ctype_1                 0x0800020b   Thumb Code     0  libinit2.o(.ARM.Collect$$libinit$$00000013)
    __rt_lib_init_lc_monetary_1              0x0800020b   Thumb Code     0  libinit2.o(.ARM.Collect$$libinit$$00000015)
    __rt_lib_init_lc_numeric_1               0x0800020b   Thumb Code     0  libinit2.o(.ARM.Collect$$libinit$$00000017)
    __rt_lib_init_lc_time_1                  0x0800020b   Thumb Code     0  libinit2.o(.ARM.Collect$$libinit$$00000019)
    __rt_lib_init_preinit_1                  0x0800020b   Thumb Code     0  libinit2.o(.ARM.Collect$$libinit$$00000004)
    __rt_lib_init_rand_1                     0x0800020b   Thumb Code     0  libinit2.o(.ARM.Collect$$libinit$$0000000E)
    __rt_lib_init_return                     0x0800020b   Thumb Code     0  libinit2.o(.ARM.Collect$$libinit$$00000033)
    __rt_lib_init_signal_1                   0x0800020b   Thumb Code     0  libinit2.o(.ARM.Collect$$libinit$$0000001D)
    __rt_lib_init_stdio_1                    0x0800020b   Thumb Code     0  libinit2.o(.ARM.Collect$$libinit$$00000025)
    __rt_lib_init_user_alloc_1               0x0800020b   Thumb Code     0  libinit2.o(.ARM.Collect$$libinit$$0000000C)
    __rt_lib_shutdown                        0x0800020d   Thumb Code     0  libshutdown.o(.ARM.Collect$$libshutdown$$00000000)
    __rt_lib_shutdown_cpp_1                  0x0800020f   Thumb Code     0  libshutdown2.o(.ARM.Collect$$libshutdown$$00000002)
    __rt_lib_shutdown_fp_trap_1              0x0800020f   Thumb Code     0  libshutdown2.o(.ARM.Collect$$libshutdown$$00000007)
    __rt_lib_shutdown_heap_1                 0x0800020f   Thumb Code     0  libshutdown2.o(.ARM.Collect$$libshutdown$$0000000F)
    __rt_lib_shutdown_return                 0x0800020f   Thumb Code     0  libshutdown2.o(.ARM.Collect$$libshutdown$$00000010)
    __rt_lib_shutdown_signal_1               0x0800020f   Thumb Code     0  libshutdown2.o(.ARM.Collect$$libshutdown$$0000000A)
    __rt_lib_shutdown_stdio_1                0x0800020f   Thumb Code     0  libshutdown2.o(.ARM.Collect$$libshutdown$$00000004)
    __rt_lib_shutdown_user_alloc_1           0x0800020f   Thumb Code     0  libshutdown2.o(.ARM.Collect$$libshutdown$$0000000C)
    __rt_entry                               0x08000211   Thumb Code     0  __rtentry.o(.ARM.Collect$$rtentry$$00000000)
    __rt_entry_presh_1                       0x08000211   Thumb Code     0  __rtentry2.o(.ARM.Collect$$rtentry$$00000002)
    __rt_entry_sh                            0x08000211   Thumb Code     0  __rtentry4.o(.ARM.Collect$$rtentry$$00000004)
    __rt_entry_li                            0x08000217   Thumb Code     0  __rtentry2.o(.ARM.Collect$$rtentry$$0000000A)
    __rt_entry_postsh_1                      0x08000217   Thumb Code     0  __rtentry2.o(.ARM.Collect$$rtentry$$00000009)
    __rt_entry_main                          0x0800021b   Thumb Code     0  __rtentry2.o(.ARM.Collect$$rtentry$$0000000D)
    __rt_entry_postli_1                      0x0800021b   Thumb Code     0  __rtentry2.o(.ARM.Collect$$rtentry$$0000000C)
    __rt_exit                                0x08000223   Thumb Code     0  rtexit.o(.ARM.Collect$$rtexit$$00000000)
    __rt_exit_ls                             0x08000225   Thumb Code     0  rtexit2.o(.ARM.Collect$$rtexit$$00000003)
    __rt_exit_prels_1                        0x08000225   Thumb Code     0  rtexit2.o(.ARM.Collect$$rtexit$$00000002)
    __rt_exit_exit                           0x08000229   Thumb Code     0  rtexit2.o(.ARM.Collect$$rtexit$$00000004)
    Reset_Handler                            0x08000231   Thumb Code     8  startup_stm32f429xx.o(.text)
    NMI_Handler                              0x08000239   Thumb Code     2  startup_stm32f429xx.o(.text)
    HardFault_Handler                        0x0800023b   Thumb Code     2  startup_stm32f429xx.o(.text)
    MemManage_Handler                        0x0800023d   Thumb Code     2  startup_stm32f429xx.o(.text)
    BusFault_Handler                         0x0800023f   Thumb Code     2  startup_stm32f429xx.o(.text)
    UsageFault_Handler                       0x08000241   Thumb Code     2  startup_stm32f429xx.o(.text)
    SVC_Handler                              0x08000243   Thumb Code     2  startup_stm32f429xx.o(.text)
    DebugMon_Handler                         0x08000245   Thumb Code     2  startup_stm32f429xx.o(.text)
    PendSV_Handler                           0x08000247   Thumb Code     2  startup_stm32f429xx.o(.text)
    SysTick_Handler                          0x08000249   Thumb Code     2  startup_stm32f429xx.o(.text)
    ADC_IRQHandler                           0x0800024b   Thumb Code     0  startup_stm32f429xx.o(.text)
    CAN1_RX0_IRQHandler                      0x0800024b   Thumb Code     0  startup_stm32f429xx.o(.text)
    CAN1_RX1_IRQHandler                      0x0800024b   Thumb Code     0  startup_stm32f429xx.o(.text)
    CAN1_SCE_IRQHandler                      0x0800024b   Thumb Code     0  startup_stm32f429xx.o(.text)
    CAN1_TX_IRQHandler                       0x0800024b   Thumb Code     0  startup_stm32f429xx.o(.text)
    CAN2_RX0_IRQHandler                      0x0800024b   Thumb Code     0  startup_stm32f429xx.o(.text)
    CAN2_RX1_IRQHandler                      0x0800024b   Thumb Code     0  startup_stm32f429xx.o(.text)
    CAN2_SCE_IRQHandler                      0x0800024b   Thumb Code     0  startup_stm32f429xx.o(.text)
    CAN2_TX_IRQHandler                       0x0800024b   Thumb Code     0  startup_stm32f429xx.o(.text)
    DCMI_IRQHandler                          0x0800024b   Thumb Code     0  startup_stm32f429xx.o(.text)
    DMA1_Stream0_IRQHandler                  0x0800024b   Thumb Code     0  startup_stm32f429xx.o(.text)
    DMA1_Stream1_IRQHandler                  0x0800024b   Thumb Code     0  startup_stm32f429xx.o(.text)
    DMA1_Stream2_IRQHandler                  0x0800024b   Thumb Code     0  startup_stm32f429xx.o(.text)
    DMA1_Stream3_IRQHandler                  0x0800024b   Thumb Code     0  startup_stm32f429xx.o(.text)
    DMA1_Stream4_IRQHandler                  0x0800024b   Thumb Code     0  startup_stm32f429xx.o(.text)
    DMA1_Stream5_IRQHandler                  0x0800024b   Thumb Code     0  startup_stm32f429xx.o(.text)
    DMA1_Stream6_IRQHandler                  0x0800024b   Thumb Code     0  startup_stm32f429xx.o(.text)
    DMA1_Stream7_IRQHandler                  0x0800024b   Thumb Code     0  startup_stm32f429xx.o(.text)
    DMA2D_IRQHandler                         0x0800024b   Thumb Code     0  startup_stm32f429xx.o(.text)
    DMA2_Stream0_IRQHandler                  0x0800024b   Thumb Code     0  startup_stm32f429xx.o(.text)
    DMA2_Stream1_IRQHandler                  0x0800024b   Thumb Code     0  startup_stm32f429xx.o(.text)
    DMA2_Stream2_IRQHandler                  0x0800024b   Thumb Code     0  startup_stm32f429xx.o(.text)
    DMA2_Stream3_IRQHandler                  0x0800024b   Thumb Code     0  startup_stm32f429xx.o(.text)
    DMA2_Stream4_IRQHandler                  0x0800024b   Thumb Code     0  startup_stm32f429xx.o(.text)
    DMA2_Stream5_IRQHandler                  0x0800024b   Thumb Code     0  startup_stm32f429xx.o(.text)
    DMA2_Stream6_IRQHandler                  0x0800024b   Thumb Code     0  startup_stm32f429xx.o(.text)
    DMA2_Stream7_IRQHandler                  0x0800024b   Thumb Code     0  startup_stm32f429xx.o(.text)
    ETH_IRQHandler                           0x0800024b   Thumb Code     0  startup_stm32f429xx.o(.text)
    ETH_WKUP_IRQHandler                      0x0800024b   Thumb Code     0  startup_stm32f429xx.o(.text)
    EXTI0_IRQHandler                         0x0800024b   Thumb Code     0  startup_stm32f429xx.o(.text)
    EXTI15_10_IRQHandler                     0x0800024b   Thumb Code     0  startup_stm32f429xx.o(.text)
    EXTI1_IRQHandler                         0x0800024b   Thumb Code     0  startup_stm32f429xx.o(.text)
    EXTI2_IRQHandler                         0x0800024b   Thumb Code     0  startup_stm32f429xx.o(.text)
    EXTI3_IRQHandler                         0x0800024b   Thumb Code     0  startup_stm32f429xx.o(.text)
    EXTI4_IRQHandler                         0x0800024b   Thumb Code     0  startup_stm32f429xx.o(.text)
    EXTI9_5_IRQHandler                       0x0800024b   Thumb Code     0  startup_stm32f429xx.o(.text)
    FLASH_IRQHandler                         0x0800024b   Thumb Code     0  startup_stm32f429xx.o(.text)
    FMC_IRQHandler                           0x0800024b   Thumb Code     0  startup_stm32f429xx.o(.text)
    FPU_IRQHandler                           0x0800024b   Thumb Code     0  startup_stm32f429xx.o(.text)
    HASH_RNG_IRQHandler                      0x0800024b   Thumb Code     0  startup_stm32f429xx.o(.text)
    I2C1_ER_IRQHandler                       0x0800024b   Thumb Code     0  startup_stm32f429xx.o(.text)
    I2C1_EV_IRQHandler                       0x0800024b   Thumb Code     0  startup_stm32f429xx.o(.text)
    I2C2_ER_IRQHandler                       0x0800024b   Thumb Code     0  startup_stm32f429xx.o(.text)
    I2C2_EV_IRQHandler                       0x0800024b   Thumb Code     0  startup_stm32f429xx.o(.text)
    I2C3_ER_IRQHandler                       0x0800024b   Thumb Code     0  startup_stm32f429xx.o(.text)
    I2C3_EV_IRQHandler                       0x0800024b   Thumb Code     0  startup_stm32f429xx.o(.text)
    LTDC_ER_IRQHandler                       0x0800024b   Thumb Code     0  startup_stm32f429xx.o(.text)
    LTDC_IRQHandler                          0x0800024b   Thumb Code     0  startup_stm32f429xx.o(.text)
    OTG_FS_IRQHandler                        0x0800024b   Thumb Code     0  startup_stm32f429xx.o(.text)
    OTG_FS_WKUP_IRQHandler                   0x0800024b   Thumb Code     0  startup_stm32f429xx.o(.text)
    OTG_HS_EP1_IN_IRQHandler                 0x0800024b   Thumb Code     0  startup_stm32f429xx.o(.text)
    OTG_HS_EP1_OUT_IRQHandler                0x0800024b   Thumb Code     0  startup_stm32f429xx.o(.text)
    OTG_HS_IRQHandler                        0x0800024b   Thumb Code     0  startup_stm32f429xx.o(.text)
    OTG_HS_WKUP_IRQHandler                   0x0800024b   Thumb Code     0  startup_stm32f429xx.o(.text)
    PVD_IRQHandler                           0x0800024b   Thumb Code     0  startup_stm32f429xx.o(.text)
    RCC_IRQHandler                           0x0800024b   Thumb Code     0  startup_stm32f429xx.o(.text)
    RTC_Alarm_IRQHandler                     0x0800024b   Thumb Code     0  startup_stm32f429xx.o(.text)
    RTC_WKUP_IRQHandler                      0x0800024b   Thumb Code     0  startup_stm32f429xx.o(.text)
    SAI1_IRQHandler                          0x0800024b   Thumb Code     0  startup_stm32f429xx.o(.text)
    SDIO_IRQHandler                          0x0800024b   Thumb Code     0  startup_stm32f429xx.o(.text)
    SPI1_IRQHandler                          0x0800024b   Thumb Code     0  startup_stm32f429xx.o(.text)
    SPI2_IRQHandler                          0x0800024b   Thumb Code     0  startup_stm32f429xx.o(.text)
    SPI3_IRQHandler                          0x0800024b   Thumb Code     0  startup_stm32f429xx.o(.text)
    SPI4_IRQHandler                          0x0800024b   Thumb Code     0  startup_stm32f429xx.o(.text)
    SPI5_IRQHandler                          0x0800024b   Thumb Code     0  startup_stm32f429xx.o(.text)
    SPI6_IRQHandler                          0x0800024b   Thumb Code     0  startup_stm32f429xx.o(.text)
    TAMP_STAMP_IRQHandler                    0x0800024b   Thumb Code     0  startup_stm32f429xx.o(.text)
    TIM1_BRK_TIM9_IRQHandler                 0x0800024b   Thumb Code     0  startup_stm32f429xx.o(.text)
    TIM1_CC_IRQHandler                       0x0800024b   Thumb Code     0  startup_stm32f429xx.o(.text)
    TIM1_TRG_COM_TIM11_IRQHandler            0x0800024b   Thumb Code     0  startup_stm32f429xx.o(.text)
    TIM1_UP_TIM10_IRQHandler                 0x0800024b   Thumb Code     0  startup_stm32f429xx.o(.text)
    TIM2_IRQHandler                          0x0800024b   Thumb Code     0  startup_stm32f429xx.o(.text)
    TIM3_IRQHandler                          0x0800024b   Thumb Code     0  startup_stm32f429xx.o(.text)
    TIM4_IRQHandler                          0x0800024b   Thumb Code     0  startup_stm32f429xx.o(.text)
    TIM5_IRQHandler                          0x0800024b   Thumb Code     0  startup_stm32f429xx.o(.text)
    TIM6_DAC_IRQHandler                      0x0800024b   Thumb Code     0  startup_stm32f429xx.o(.text)
    TIM7_IRQHandler                          0x0800024b   Thumb Code     0  startup_stm32f429xx.o(.text)
    TIM8_BRK_TIM12_IRQHandler                0x0800024b   Thumb Code     0  startup_stm32f429xx.o(.text)
    TIM8_CC_IRQHandler                       0x0800024b   Thumb Code     0  startup_stm32f429xx.o(.text)
    TIM8_TRG_COM_TIM14_IRQHandler            0x0800024b   Thumb Code     0  startup_stm32f429xx.o(.text)
    TIM8_UP_TIM13_IRQHandler                 0x0800024b   Thumb Code     0  startup_stm32f429xx.o(.text)
    UART4_IRQHandler                         0x0800024b   Thumb Code     0  startup_stm32f429xx.o(.text)
    UART5_IRQHandler                         0x0800024b   Thumb Code     0  startup_stm32f429xx.o(.text)
    UART7_IRQHandler                         0x0800024b   Thumb Code     0  startup_stm32f429xx.o(.text)
    UART8_IRQHandler                         0x0800024b   Thumb Code     0  startup_stm32f429xx.o(.text)
    USART1_IRQHandler                        0x0800024b   Thumb Code     0  startup_stm32f429xx.o(.text)
    USART2_IRQHandler                        0x0800024b   Thumb Code     0  startup_stm32f429xx.o(.text)
    USART3_IRQHandler                        0x0800024b   Thumb Code     0  startup_stm32f429xx.o(.text)
    USART6_IRQHandler                        0x0800024b   Thumb Code     0  startup_stm32f429xx.o(.text)
    WWDG_IRQHandler                          0x0800024b   Thumb Code     0  startup_stm32f429xx.o(.text)
    __user_initial_stackheap                 0x0800024d   Thumb Code     0  startup_stm32f429xx.o(.text)
    __use_two_region_memory                  0x08000271   Thumb Code     2  heapauxi.o(.text)
    __rt_heap_escrow$2region                 0x08000273   Thumb Code     2  heapauxi.o(.text)
    __rt_heap_expand$2region                 0x08000275   Thumb Code     2  heapauxi.o(.text)
    __user_setup_stackheap                   0x08000277   Thumb Code    74  sys_stackheap_outer.o(.text)
    exit                                     0x080002c1   Thumb Code    18  exit.o(.text)
    __user_libspace                          0x080002d5   Thumb Code     8  libspace.o(.text)
    __user_perproc_libspace                  0x080002d5   Thumb Code     0  libspace.o(.text)
    __user_perthread_libspace                0x080002d5   Thumb Code     0  libspace.o(.text)
    _sys_exit                                0x080002dd   Thumb Code     8  sys_exit.o(.text)
    __I$use$semihosting                      0x080002e9   Thumb Code     0  use_no_semi.o(.text)
    __use_no_semihosting_swi                 0x080002e9   Thumb Code     2  use_no_semi.o(.text)
    __semihosting_library_function           0x080002eb   Thumb Code     0  indicate_semi.o(.text)
    Active_column                            0x080002ed   Thumb Code   102  dotmatrix_program.o(.text.Active_column)
    DOTMATRIX_Display                        0x08000355   Thumb Code    58  dotmatrix_program.o(.text.DOTMATRIX_Display)
    DOTMATRIX_Init                           0x08000391   Thumb Code   464  dotmatrix_program.o(.text.DOTMATRIX_Init)
    DOTMATRIX_Next_column                    0x08000561   Thumb Code    50  dotmatrix_program.o(.text.DOTMATRIX_Next_column)
    DOTMATRIX_SetRaw_value                   0x08000595   Thumb Code   124  dotmatrix_program.o(.text.DOTMATRIX_SetRaw_value)
    SYS_voidTickInit                         0x08000611   Thumb Code    18  systick_program.o(.text.SYS_voidTickInit)
    SYS_voidTick_IntervalPeriodic            0x08000625   Thumb Code    38  systick_program.o(.text.SYS_voidTick_IntervalPeriodic)
    SystemInit                               0x0800064d   Thumb Code    26  system_stm32f4xx.o(.text.SystemInit)
    main                                     0x08000669   Thumb Code    68  main.o(.text.main)
    vGPIO_OUTPUT_PIN_SPEED                   0x080006ad   Thumb Code    28  gpio_program.o(.text.vGPIO_OUTPUT_PIN_SPEED)
    vGPIO_OUTPUT_PIN_TYPE                    0x080006c9   Thumb Code    26  gpio_program.o(.text.vGPIO_OUTPUT_PIN_TYPE)
    vGPIO_PIN_Mode                           0x080006e5   Thumb Code    28  gpio_program.o(.text.vGPIO_PIN_Mode)
    vGPIO_Write_PIN                          0x08000701   Thumb Code   102  gpio_program.o(.text.vGPIO_Write_PIN)
    vRCC_Enable                              0x08000769   Thumb Code   116  rcc_program.o(.text.vRCC_Enable)
    vRCC_Init                                0x080007dd   Thumb Code   362  rcc_program.o(.text.vRCC_Init)
    _fp_init                                 0x08000947   Thumb Code    26  fpinit.o(x$fpl$fpinit)
    __fplib_config_fpu_vfp                   0x0800095f   Thumb Code     0  fpinit.o(x$fpl$fpinit)
    __fplib_config_pureend_doubles           0x0800095f   Thumb Code     0  fpinit.o(x$fpl$fpinit)
    Region$$Table$$Base                      0x08000960   Number         0  anon$$obj.o(Region$$Table)
    Region$$Table$$Limit                     0x08000970   Number         0  anon$$obj.o(Region$$Table)
    __libspace_start                         0x20000000   Data          96  libspace.o(.bss)
    __temporary_stack_top$libspace           0x20000060   Data           0  libspace.o(.bss)



==============================================================================

Memory Map of the image

  Image Entry point : 0x08000231

  Load Region LR_1 (Base: 0x08000000, Size: 0x00000970, Max: 0xffffffff, ABSOLUTE)

    Execution Region ER_RO (Exec base: 0x08000000, Load base: 0x08000000, Size: 0x00000970, Max: 0xffffffff, ABSOLUTE)

    Exec Addr    Load Addr    Size         Type   Attr      Idx    E Section Name        Object

    0x08000000   0x08000000   0x000001ac   Data   RO          150    RESET               startup_stm32f429xx.o
    0x080001ac   0x080001ac   0x00000008   Code   RO          176  * !!!main             c_w.l(__main.o)
    0x080001b4   0x080001b4   0x00000034   Code   RO          339    !!!scatter          c_w.l(__scatter.o)
    0x080001e8   0x080001e8   0x0000001c   Code   RO          341    !!handler_zi        c_w.l(__scatter_zi.o)
    0x08000204   0x08000204   0x00000002   Code   RO          203    .ARM.Collect$$libinit$$00000000  c_w.l(libinit.o)
    0x08000206   0x08000206   0x00000004   Code   RO          209    .ARM.Collect$$libinit$$00000001  c_w.l(libinit2.o)
    0x0800020a   0x0800020a   0x00000000   Code   RO          212    .ARM.Collect$$libinit$$00000004  c_w.l(libinit2.o)
    0x0800020a   0x0800020a   0x00000000   Code   RO          215    .ARM.Collect$$libinit$$0000000A  c_w.l(libinit2.o)
    0x0800020a   0x0800020a   0x00000000   Code   RO          217    .ARM.Collect$$libinit$$0000000C  c_w.l(libinit2.o)
    0x0800020a   0x0800020a   0x00000000   Code   RO          219    .ARM.Collect$$libinit$$0000000E  c_w.l(libinit2.o)
    0x0800020a   0x0800020a   0x00000000   Code   RO          222    .ARM.Collect$$libinit$$00000011  c_w.l(libinit2.o)
    0x0800020a   0x0800020a   0x00000000   Code   RO          224    .ARM.Collect$$libinit$$00000013  c_w.l(libinit2.o)
    0x0800020a   0x0800020a   0x00000000   Code   RO          226    .ARM.Collect$$libinit$$00000015  c_w.l(libinit2.o)
    0x0800020a   0x0800020a   0x00000000   Code   RO          228    .ARM.Collect$$libinit$$00000017  c_w.l(libinit2.o)
    0x0800020a   0x0800020a   0x00000000   Code   RO          230    .ARM.Collect$$libinit$$00000019  c_w.l(libinit2.o)
    0x0800020a   0x0800020a   0x00000000   Code   RO          232    .ARM.Collect$$libinit$$0000001B  c_w.l(libinit2.o)
    0x0800020a   0x0800020a   0x00000000   Code   RO          234    .ARM.Collect$$libinit$$0000001D  c_w.l(libinit2.o)
    0x0800020a   0x0800020a   0x00000000   Code   RO          236    .ARM.Collect$$libinit$$0000001F  c_w.l(libinit2.o)
    0x0800020a   0x0800020a   0x00000000   Code   RO          238    .ARM.Collect$$libinit$$00000021  c_w.l(libinit2.o)
    0x0800020a   0x0800020a   0x00000000   Code   RO          240    .ARM.Collect$$libinit$$00000023  c_w.l(libinit2.o)
    0x0800020a   0x0800020a   0x00000000   Code   RO          242    .ARM.Collect$$libinit$$00000025  c_w.l(libinit2.o)
    0x0800020a   0x0800020a   0x00000000   Code   RO          246    .ARM.Collect$$libinit$$0000002C  c_w.l(libinit2.o)
    0x0800020a   0x0800020a   0x00000000   Code   RO          248    .ARM.Collect$$libinit$$0000002E  c_w.l(libinit2.o)
    0x0800020a   0x0800020a   0x00000000   Code   RO          250    .ARM.Collect$$libinit$$00000030  c_w.l(libinit2.o)
    0x0800020a   0x0800020a   0x00000000   Code   RO          252    .ARM.Collect$$libinit$$00000032  c_w.l(libinit2.o)
    0x0800020a   0x0800020a   0x00000002   Code   RO          253    .ARM.Collect$$libinit$$00000033  c_w.l(libinit2.o)
    0x0800020c   0x0800020c   0x00000002   Code   RO          275    .ARM.Collect$$libshutdown$$00000000  c_w.l(libshutdown.o)
    0x0800020e   0x0800020e   0x00000000   Code   RO          290    .ARM.Collect$$libshutdown$$00000002  c_w.l(libshutdown2.o)
    0x0800020e   0x0800020e   0x00000000   Code   RO          292    .ARM.Collect$$libshutdown$$00000004  c_w.l(libshutdown2.o)
    0x0800020e   0x0800020e   0x00000000   Code   RO          295    .ARM.Collect$$libshutdown$$00000007  c_w.l(libshutdown2.o)
    0x0800020e   0x0800020e   0x00000000   Code   RO          298    .ARM.Collect$$libshutdown$$0000000A  c_w.l(libshutdown2.o)
    0x0800020e   0x0800020e   0x00000000   Code   RO          300    .ARM.Collect$$libshutdown$$0000000C  c_w.l(libshutdown2.o)
    0x0800020e   0x0800020e   0x00000000   Code   RO          303    .ARM.Collect$$libshutdown$$0000000F  c_w.l(libshutdown2.o)
    0x0800020e   0x0800020e   0x00000002   Code   RO          304    .ARM.Collect$$libshutdown$$00000010  c_w.l(libshutdown2.o)
    0x08000210   0x08000210   0x00000000   Code   RO          178    .ARM.Collect$$rtentry$$00000000  c_w.l(__rtentry.o)
    0x08000210   0x08000210   0x00000000   Code   RO          180    .ARM.Collect$$rtentry$$00000002  c_w.l(__rtentry2.o)
    0x08000210   0x08000210   0x00000006   Code   RO          192    .ARM.Collect$$rtentry$$00000004  c_w.l(__rtentry4.o)
    0x08000216   0x08000216   0x00000000   Code   RO          182    .ARM.Collect$$rtentry$$00000009  c_w.l(__rtentry2.o)
    0x08000216   0x08000216   0x00000004   Code   RO          183    .ARM.Collect$$rtentry$$0000000A  c_w.l(__rtentry2.o)
    0x0800021a   0x0800021a   0x00000000   Code   RO          185    .ARM.Collect$$rtentry$$0000000C  c_w.l(__rtentry2.o)
    0x0800021a   0x0800021a   0x00000008   Code   RO          186    .ARM.Collect$$rtentry$$0000000D  c_w.l(__rtentry2.o)
    0x08000222   0x08000222   0x00000002   Code   RO          207    .ARM.Collect$$rtexit$$00000000  c_w.l(rtexit.o)
    0x08000224   0x08000224   0x00000000   Code   RO          255    .ARM.Collect$$rtexit$$00000002  c_w.l(rtexit2.o)
    0x08000224   0x08000224   0x00000004   Code   RO          256    .ARM.Collect$$rtexit$$00000003  c_w.l(rtexit2.o)
    0x08000228   0x08000228   0x00000006   Code   RO          257    .ARM.Collect$$rtexit$$00000004  c_w.l(rtexit2.o)
    0x0800022e   0x0800022e   0x00000002   PAD
    0x08000230   0x08000230   0x00000040   Code   RO          151  * .text               startup_stm32f429xx.o
    0x08000270   0x08000270   0x00000006   Code   RO          174    .text               c_w.l(heapauxi.o)
    0x08000276   0x08000276   0x0000004a   Code   RO          194    .text               c_w.l(sys_stackheap_outer.o)
    0x080002c0   0x080002c0   0x00000012   Code   RO          196    .text               c_w.l(exit.o)
    0x080002d2   0x080002d2   0x00000002   PAD
    0x080002d4   0x080002d4   0x00000008   Code   RO          204    .text               c_w.l(libspace.o)
    0x080002dc   0x080002dc   0x0000000c   Code   RO          265    .text               c_w.l(sys_exit.o)
    0x080002e8   0x080002e8   0x00000002   Code   RO          280    .text               c_w.l(use_no_semi.o)
    0x080002ea   0x080002ea   0x00000000   Code   RO          282    .text               c_w.l(indicate_semi.o)
    0x080002ea   0x080002ea   0x00000002   PAD
    0x080002ec   0x080002ec   0x00000066   Code   RO          123    .text.Active_column  dotmatrix_program.o
    0x08000352   0x08000352   0x00000002   PAD
    0x08000354   0x08000354   0x0000003a   Code   RO          121    .text.DOTMATRIX_Display  dotmatrix_program.o
    0x0800038e   0x0800038e   0x00000002   PAD
    0x08000390   0x08000390   0x000001d0   Code   RO          119    .text.DOTMATRIX_Init  dotmatrix_program.o
    0x08000560   0x08000560   0x00000032   Code   RO          127    .text.DOTMATRIX_Next_column  dotmatrix_program.o
    0x08000592   0x08000592   0x00000002   PAD
    0x08000594   0x08000594   0x0000007c   Code   RO          125    .text.DOTMATRIX_SetRaw_value  dotmatrix_program.o
    0x08000610   0x08000610   0x00000012   Code   RO           80    .text.SYS_voidTickInit  systick_program.o
    0x08000622   0x08000622   0x00000002   PAD
    0x08000624   0x08000624   0x00000026   Code   RO           86    .text.SYS_voidTick_IntervalPeriodic  systick_program.o
    0x0800064a   0x0800064a   0x00000002   PAD
    0x0800064c   0x0800064c   0x0000001a   Code   RO          158    .text.SystemInit    system_stm32f4xx.o
    0x08000666   0x08000666   0x00000002   PAD
    0x08000668   0x08000668   0x00000044   Code   RO          139    .text.main          main.o
    0x080006ac   0x080006ac   0x0000001c   Code   RO           18    .text.vGPIO_OUTPUT_PIN_SPEED  gpio_program.o
    0x080006c8   0x080006c8   0x0000001a   Code   RO           16    .text.vGPIO_OUTPUT_PIN_TYPE  gpio_program.o
    0x080006e2   0x080006e2   0x00000002   PAD
    0x080006e4   0x080006e4   0x0000001c   Code   RO           14    .text.vGPIO_PIN_Mode  gpio_program.o
    0x08000700   0x08000700   0x00000066   Code   RO           24    .text.vGPIO_Write_PIN  gpio_program.o
    0x08000766   0x08000766   0x00000002   PAD
    0x08000768   0x08000768   0x00000074   Code   RO            4    .text.vRCC_Enable   rcc_program.o
    0x080007dc   0x080007dc   0x0000016a   Code   RO            2    .text.vRCC_Init     rcc_program.o
    0x08000946   0x08000946   0x0000001a   Code   RO          263    x$fpl$fpinit        fz_wm.l(fpinit.o)
    0x08000960   0x08000960   0x00000010   Data   RO          338    Region$$Table       anon$$obj.o


    Execution Region ER_RW (Exec base: 0x20000000, Load base: 0x08000970, Size: 0x00000000, Max: 0xffffffff, ABSOLUTE)

    **** No section assigned to this execution region ****


    Execution Region ER_ZI (Exec base: 0x20000000, Load base: 0x08000970, Size: 0x00000670, Max: 0xffffffff, ABSOLUTE)

    Exec Addr    Load Addr    Size         Type   Attr      Idx    E Section Name        Object

    0x20000000        -       0x00000060   Zero   RW          205    .bss                c_w.l(libspace.o)
    0x20000060        -       0x00000004   Zero   RW           94    .bss.CallBack_ptr   systick_program.o
    0x20000064        -       0x00000004   Zero   RW          129    .bss.DATA_DISPLAY   dotmatrix_program.o
    0x20000068        -       0x00000001   Zero   RW          130    .bss.INDEX_OF_DATA_DISPLAY  dotmatrix_program.o
    0x20000069   0x08000970   0x00000007   PAD
    0x20000070        -       0x00000200   Zero   RW          149    HEAP                startup_stm32f429xx.o
    0x20000270        -       0x00000400   Zero   RW          148    STACK               startup_stm32f429xx.o


==============================================================================

Image component sizes


      Code (inc. data)   RO Data    RW Data    ZI Data      Debug   Object Name

       798          0          0          0          5       1497   dotmatrix_program.o
       184         16          0          0          0       2956   gpio_program.o
        68          0          0          0          0        709   main.o
       478         28          0          0          0       2436   rcc_program.o
        64         26        428          0       1536        848   startup_stm32f429xx.o
        26          0          0          0          0       2768   system_stm32f4xx.o
        56          0          0          0          4       1640   systick_program.o

    ----------------------------------------------------------------------
      1690         70        444          0       1552      12854   Object Totals
         0          0         16          0          0          0   (incl. Generated)
        16          0          0          0          7          0   (incl. Padding)

    ----------------------------------------------------------------------

      Code (inc. data)   RO Data    RW Data    ZI Data      Debug   Library Member Name

         8          0          0          0          0         68   __main.o
         0          0          0          0          0          0   __rtentry.o
        12          0          0          0          0          0   __rtentry2.o
         6          0          0          0          0          0   __rtentry4.o
        52          8          0          0          0          0   __scatter.o
        28          0          0          0          0          0   __scatter_zi.o
        18          0          0          0          0         80   exit.o
         6          0          0          0          0        152   heapauxi.o
         0          0          0          0          0          0   indicate_semi.o
         2          0          0          0          0          0   libinit.o
         6          0          0          0          0          0   libinit2.o
         2          0          0          0          0          0   libshutdown.o
         2          0          0          0          0          0   libshutdown2.o
         8          4          0          0         96         68   libspace.o
         2          0          0          0          0          0   rtexit.o
        10          0          0          0          0          0   rtexit2.o
        12          4          0          0          0         68   sys_exit.o
        74          0          0          0          0         80   sys_stackheap_outer.o
         2          0          0          0          0         68   use_no_semi.o
        26          0          0          0          0        116   fpinit.o

    ----------------------------------------------------------------------
       282         16          0          0         96        700   Library Totals
         6          0          0          0          0          0   (incl. Padding)

    ----------------------------------------------------------------------

      Code (inc. data)   RO Data    RW Data    ZI Data      Debug   Library Name

       250         16          0          0         96        584   c_w.l
        26          0          0          0          0        116   fz_wm.l

    ----------------------------------------------------------------------
       282         16          0          0         96        700   Library Totals

    ----------------------------------------------------------------------

==============================================================================


      Code (inc. data)   RO Data    RW Data    ZI Data      Debug   

      1972         86        444          0       1648      13250   Grand Totals
      1972         86        444          0       1648      13250   ELF Image Totals
      1972         86        444          0          0          0   ROM Totals

==============================================================================

    Total RO  Size (Code + RO Data)                 2416 (   2.36kB)
    Total RW  Size (RW Data + ZI Data)              1648 (   1.61kB)
    Total ROM Size (Code + RO Data + RW Data)       2416 (   2.36kB)

==============================================================================

